// Jest Snapshot v1, https://goo.gl/fbAQLP

exports[`Prueba del componente <GifItem/> Debe hacer match con snapshot 1`] = `
<div>
  <div
    class="card"
  >
    <img
      alt="saitama"
      src="https://one-punch-man.jpg/"
    />
    <p>
      saitama
    </p>
  </div>
</div>
`;
